
==============================================================================
  Tesla T4 EMPIRICAL VALIDATION RUN
==============================================================================
  results dir : /content/research/results/2026-07-30_181644
  started     : 2026-07-30T18:16:44.802526

==============================================================================
  STAGE 0 — Environment & Provenance Stamp
==============================================================================
  timestamp_utc             : 2026-07-30T18:16:44.826290+00:00
  hostname                  : 61d92e750b3f
  platform                  : Linux-6.6.122+-x86_64-with-glibc2.35
  python                    : 3.12.13
  git_sha                   : unknown
  git_branch                : unknown
  git_dirty                 : True
  nvcc_path                 : /usr/local/cuda/bin/nvcc
  nvcc_version              : ['Cuda compilation tools, release 12.8, V12.8.93']
  nvidia_smi_path           : /opt/bin/nvidia-smi
  gpu                       : Tesla T4, 580.82.07, 15360 MiB, 70.00 W, 7.5
  torch_version             : 2.11.0+cu128
  torch_cuda_available      : True
  torch_cuda_version        : 12.8
  torch_device_name         : Tesla T4
  torch_compute_capability  : 7.5

==============================================================================
  STAGE 1 — Static Compile Audit (nvcc -Xptxas -v)
==============================================================================

--- Compiling lop3_dequant.cu (sm_75, -Xptxas -v) ---
ptxas info    : 0 bytes gmem
ptxas info    : Compiling entry function '_Z22lop3_dequant_s4_kernelPKjP6__halfPKS1_S4_i' for 'sm_75'
ptxas info    : Function properties for _Z22lop3_dequant_s4_kernelPKjP6__halfPKS1_S4_i
    0 bytes stack frame, 0 bytes spill stores, 0 bytes spill loads
ptxas info    : Used 16 registers, used 0 barriers, 388 bytes cmem[0]
ptxas info    : Compile time = 3.070 ms
ptxas info    : Compiling entry function '_Z22lop3_dequant_u4_kernelPKjP6__halfPKS1_S4_i' for 'sm_75'
ptxas info    : Function properties for _Z22lop3_dequant_u4_kernelPKjP6__halfPKS1_S4_i
    0 bytes stack frame, 0 bytes spill stores, 0 bytes spill loads
ptxas info    : Used 16 registers, used 0 barriers, 388 bytes cmem[0]
ptxas info    : Compile time = 2.304 ms


--- Compiling fused_w4a16_gemm.cu (sm_75, -Xptxas -v) ---
ptxas info    : 0 bytes gmem
ptxas info    : Compiling entry function '_Z26fused_w4a16_gemv_s4_kernelPK6__halfPKjS1_S1_PS_iii' for 'sm_75'
ptxas info    : Function properties for _Z26fused_w4a16_gemv_s4_kernelPK6__halfPKjS1_S1_PS_iii
    0 bytes stack frame, 0 bytes spill stores, 0 bytes spill loads
ptxas info    : Used 30 registers, used 1 barriers, 1024 bytes smem, 404 bytes cmem[0]
ptxas info    : Compile time = 11.071 ms
ptxas info    : Compiling entry function '_Z26fused_w4a16_gemv_u4_kernelPK6__halfPKjS1_S1_PS_iii' for 'sm_75'
ptxas info    : Function properties for _Z26fused_w4a16_gemv_u4_kernelPK6__halfPKjS1_S1_PS_iii
    0 bytes stack frame, 0 bytes spill stores, 0 bytes spill loads
ptxas info    : Used 30 registers, used 1 barriers, 1024 bytes smem, 404 bytes cmem[0]
ptxas info    : Compile time = 10.216 ms


  [H4_signed_int4_lop3] worst registers/thread = 30 (limit 64) -> CONFIRM
  [H4_signed_int4_lop3] worst spill bytes      = 0 (limit 0) -> CONFIRM

  [H4_companion_unsigned_int4_lop3] worst registers/thread = 30 (limit 64) -> CONFIRM
  [H4_companion_unsigned_int4_lop3] worst spill bytes      = 0 (limit 0) -> CONFIRM

==============================================================================
  STAGE 2 — Build PyTorch CUDA Extension (t4_kernels)
==============================================================================

--- python3 setup.py build_ext --inplace ---
running build_ext
W0730 18:16:49.622000 3640 torch/utils/cpp_extension.py:680] Attempted to use ninja as the BuildExtension backend but we could not find ninja.. Falling back to using the slow distutils backend.
copying build/lib.linux-x86_64-cpython-312/t4_kernels.cpython-312-x86_64-linux-gnu.so -> 

  [OK] Extension built: t4_kernels.cpython-312-x86_64-linux-gnu.so

==============================================================================
  STAGE 3 — On-GPU Correctness & Known-Answer Tests
==============================================================================

--- H4 Unsigned INT4 KAT (vector 0xA7C13E59) ---
   got : [1.75, 0.75, 3.0, 0.25, -0.25, 2.5, 1.25, 2.0]
   want: [1.75, 0.75, 3.0, 0.25, -0.25, 2.5, 1.25, 2.0]
   max_abs_diff = 0  -> CONFIRM

--- H4 Signed INT4 KAT (vector 0xF817E29A) ---
   got : [-3.0, -3.5, 1.0, -1.0, 3.5, 0.5, -4.0, -0.5]
   want: [-3.0, -3.5, 1.0, -1.0, 3.5, 0.5, -4.0, -0.5]
   max_abs_diff = 0  -> CONFIRM

--- H4 Signed INT4 random-tensor allclose (4096 words) ---
   max_abs_diff over 32768 values = 0.0313721  -> FAIL

--- H4 Unsigned INT4 random-tensor allclose (4096 words) ---
   max_abs_diff over 32768 values = 0.0313721  -> FAIL

--- Fused W4A16 GEMM correctness (M=1, K=1024, N=1024) ---
   U4 max_abs_diff = 1.58594
   S4 max_abs_diff = 1.58594
   worst = 1.58594  (limit 2.0)  -> CONFIRM

--- H7 INT3 LOP3 — bit-exact math identity (reference, NOT a CUDA kernel) ---
   8-state identity sweep s3+4 == sign_invert(s3): CONFIRM

--- H9 FP8 E4M3 -> FP16 +8 re-bias sweep (reference, NOT a CUDA kernel) ---
   valid E4M3 states sweeped = 254 (expect 254), mismatches = 0 -> CONFIRM

==============================================================================
  STAGE 6 — Verdict Synthesis (measured vs predicted)
==============================================================================

  H4_signed_int4_lop3: Signed INT4 Two's Complement LOP3 Unpacking (LUT 0x6A)
     capability=kernel_ready  verdict = FAIL
       - sass_algo_reduction                predicted=       2.5 measured=         -  [NOT_MEASURED]
       - kat_bit_exact                      predicted=       0.0 measured=         0  [CONFIRM]
       - random_allclose                    predicted=       0.0 measured=  0.031372  [FAIL]
       - registers_per_thread               predicted=        64 measured=        30  [CONFIRM]
       - stack_spills_bytes                 predicted=         0 measured=         0  [CONFIRM]

  H4_companion_unsigned_int4_lop3: Unsigned INT4 Magic-Exponent LOP3 (LUT 0xEA, magic 0x64006400)
     capability=kernel_ready  verdict = FAIL
       - sass_algo_reduction                predicted=       2.5 measured=         -  [NOT_MEASURED]
       - kat_bit_exact                      predicted=       0.0 measured=         0  [CONFIRM]
       - random_allclose                    predicted=       0.0 measured=  0.031372  [FAIL]
       - registers_per_thread               predicted=        64 measured=        30  [CONFIRM]
       - stack_spills_bytes                 predicted=         0 measured=         0  [CONFIRM]

  fused_w4a16_gemm: Fused W4A16 GEMM (LOP3 dequant inside register dot-product)
     capability=kernel_ready  verdict = CONFIRM
       - max_abs_diff                       predicted=       2.0 measured=    1.5859  [CONFIRM]
       - correctness_u4                     predicted=      True measured=         1  [CONFIRM]
       - correctness_s4                     predicted=      True measured=         1  [CONFIRM]

  H7_signed_int3_lop3: Signed Sub-Byte INT3 LOP3 Dequantization (LUT 0xCA, magic 0x64046404)
     capability=sim_only      verdict = NOT_MEASURABLE (sim_only)
       - sass_algo_reduction                predicted=       2.8 measured=         -  [NOT_MEASURED]
       - alternative_reduction_v_sim        predicted=      3.08 measured=         -  [NOT_MEASURED]
       - smem_bank_conflicts                predicted=       0.0 measured=         -  [NOT_MEASURED]
       - vram_compression                   predicted=      5.33 measured=         -  [NOT_MEASURED]
       - arithmetic_intensity_prefill       predicted=    341.33 measured=         -  [NOT_MEASURED]
       - roofline_speedup_prefill           predicted=      3.17 measured=         -  [NOT_MEASURED]
       - roofline_speedup_decode            predicted=      4.46 measured=         -  [NOT_MEASURED]
       - kat_bit_exact_int3                 predicted=       0.0 measured=         0  [CONFIRM]

  H9_fp8_lop3_rescale: Fused FP8 E4M3 Emulation on FP16 Tensor Cores (LUT 0xEA, +8 exponent re-bias)
     capability=sim_only      verdict = NOT_MEASURABLE (sim_only)
       - sass_algo_reduction                predicted=      11.0 measured=         -  [NOT_MEASURED]
       - fp8_sweep_valid_states             predicted=       254 measured=       254  [CONFIRM]
       - emulated_tflops                    predicted=      60.1 measured=         -  [NOT_MEASURED]

==============================================================================
  GLOBAL VERDICT (kernel_ready hypotheses): FAIL
==============================================================================
   FAILING: ['H4_signed_int4_lop3', 'H4_companion_unsigned_int4_lop3']
   NOT_MEASURABLE (sim_only): ['H7_signed_int3_lop3', 'H9_fp8_lop3_rescale']

==============================================================================
  RUN COMPLETE — FAIL
==============================================================================
  results dir : /content/research/results/2026-07-30_181644
  verdict     : /content/research/results/2026-07-30_181644/VERDICT.md
  summary     : /content/research/results/2026-07-30_181644/summary.json
  tarball     : /content/research/results/2026-07-30_181644.tar.gz

